class ::<root> < ::Object () @ (... removed core rbi locs ..., https://github.com/sorbet/sorbet/tree/master/bazel-out/host/genfiles/rbi/procs.rbi#L1)
  class ::CCCCCCCCC < ::Object () @ test/cli/cache-keeps-print-options/cache-keeps-print-options.rb:1
  class ::<Class:CCCCCCCCC>[<AttachedClass>] < ::<Class:Object> () @ test/cli/cache-keeps-print-options/cache-keeps-print-options.rb:1
    type-member(+) ::<Class:CCCCCCCCC>::<AttachedClass> -> T.class_of(CCCCCCCCC)::<AttachedClass> @ test/cli/cache-keeps-print-options/cache-keeps-print-options.rb:1
    method ::<Class:CCCCCCCCC>#<static-init> (<blk>) @ test/cli/cache-keeps-print-options/cache-keeps-print-options.rb:1
      argument <blk><block> @ Loc {file=test/cli/cache-keeps-print-options/cache-keeps-print-options.rb start=??? end=???}

class ::<root> < ::Object () @ (... removed core rbi locs ..., https://github.com/sorbet/sorbet/tree/master/bazel-out/host/genfiles/rbi/procs.rbi#L1)
  class ::CCCCCCCCC < ::Object () @ test/cli/cache-keeps-print-options/cache-keeps-print-options.rb:1
  class ::<Class:CCCCCCCCC>[<AttachedClass>] < ::<Class:Object> () @ test/cli/cache-keeps-print-options/cache-keeps-print-options.rb:1
    type-member(+) ::<Class:CCCCCCCCC>::<AttachedClass> -> T.class_of(CCCCCCCCC)::<AttachedClass> @ test/cli/cache-keeps-print-options/cache-keeps-print-options.rb:1
    method ::<Class:CCCCCCCCC>#<static-init> (<blk>) @ test/cli/cache-keeps-print-options/cache-keeps-print-options.rb:1
      argument <blk><block> @ Loc {file=test/cli/cache-keeps-print-options/cache-keeps-print-options.rb start=??? end=???}

class <emptyTree>::<C CCCCCCCCC><<C <todo sym>>> < (::<todo sym>)
  <emptyTree>
end
class <emptyTree>::<C CCCCCCCCC><<C <todo sym>>> < (::<todo sym>)
  <emptyTree>
end
class <emptyTree>::<C CCCCCCCCC><<C <todo sym>>> < (::<todo sym>)
  <emptyTree>
end
class <emptyTree>::<C CCCCCCCCC><<C <todo sym>>> < (::<todo sym>)
  <emptyTree>
end
class <emptyTree>::<C CCCCCCCCC><<C <todo sym>>> < (::<todo sym>)
  <emptyTree>
end
class <emptyTree>::<C CCCCCCCCC><<C <todo sym>>> < (::<todo sym>)
  <emptyTree>
end
